 
cpldfit:  version J.30                              Xilinx Inc.
                                  Fitter Report
Design Name: cpld                            Date:  5-27-2008,  2:45PM
Device Used: XC9572-15-PC84
Fitting Status: Successful

*************************  Mapped Resource Summary  **************************

Macrocells     Product Terms    Function Block   Registers      Pins           
Used/Tot       Used/Tot         Inps Used/Tot    Used/Tot       Used/Tot       
30 /72  ( 42%) 286 /360  ( 79%) 142/144 ( 99%)   0  /72  (  0%) 53 /69  ( 77%)

** Function Block Resources **

Function    Mcells      FB Inps     Signals     Pterms      IO          
Block       Used/Tot    Used/Tot    Used        Used/Tot    Used/Tot    
FB1           3/18       34/36       34          71/90       3/18
FB2          10/18       36/36*      36          81/90       2/17
FB3          13/18       36/36*      41          54/90       7/17
FB4           4/18       36/36*      36          80/90       0/17
             -----       -----                   -----       -----     
             30/72      142/144                 286/360     12/69 

* - Resource is exhausted

** Global Control Resources **

Global clock net(s) unused.
Global output enable net(s) unused.
Global set/reset net(s) unused.

** Pin Resources **

Signal Type    Required     Mapped  |  Pin Type            Used    Total 
------------------------------------|------------------------------------
Input         :   41          41    |  I/O              :    53      63
Output        :   12          12    |  GCK/IO           :     0       3
Bidirectional :    0           0    |  GTS/IO           :     0       2
GCK           :    0           0    |  GSR/IO           :     0       1
GTS           :    0           0    |
GSR           :    0           0    |
                 ----        ----
        Total     53          53

** Power Data **

There are 30 macrocells in high performance mode (MCHP).
There are 0 macrocells in low power mode (MCLP).
End of Mapped Resource Summary
**************************  Errors and Warnings  ***************************

WARNING:Cpld:897 - Unable to map all desired signals into function block, FB2.
   Buffering output signal FC_OUT to allow all signals assigned to this function
   block to be placed.
WARNING:Cpld:896 - Unable to map all desired signals into function block, FB3,
   because too many function block product terms are required. Buffering output
   signal AUX_OUT to allow all signals assigned to this function block to be
   placed.
WARNING:Cpld:896 - Unable to map all desired signals into function block, FB3,
   because too many function block product terms are required. Buffering output
   signal REC2_OUT to allow all signals assigned to this function block to be
   placed.
WARNING:Cpld:896 - Unable to map all desired signals into function block, FB3,
   because too many function block product terms are required. Buffering output
   signal ERROR_OUT to allow all signals assigned to this function block to be
   placed.
WARNING:Cpld:896 - Unable to map all desired signals into function block, FB3,
   because too many function block product terms are required. Buffering output
   signal RECSEL to allow all signals assigned to this function block to be
   placed.
WARNING:Cpld:896 - Unable to map all desired signals into function block, FB3,
   because too many function block product terms are required. Buffering output
   signal INSEL to allow all signals assigned to this function block to be
   placed.
*************************  Summary of Mapped Logic  ************************

** 12 Outputs **

Signal              Total Total Loc     Pin  Pin     Pin     Pwr  Slew Reg Init
Name                Pts   Inps          No.  Type    Use     Mode Rate State
REC1_OUT            23    29    FB1_13  20   I/O     O       STD  FAST 
PC_OUT              23    29    FB1_16  23   I/O     O       STD  FAST 
DSP_OUT             25    26    FB1_18  24   I/O     O       STD  FAST 
FC_OUT              1     1     FB2_6   71   I/O     O       STD  FAST 
DA_OUT              9     12    FB2_8   72   I/O     O       STD  FAST 
AUX_OUT             1     1     FB3_1   25   I/O     O       STD  FAST 
DIG_OUT             9     12    FB3_2   17   I/O     O       STD  FAST 
INSEL               1     1     FB3_3   31   I/O     O       STD  FAST 
RECSEL              1     1     FB3_4   32   I/O     O       STD  FAST 
REC2_OUT            1     1     FB3_8   21   I/O     O       STD  FAST 
ERROR_OUT           1     6     FB3_9   26   I/O     O       STD  FAST 
ERRSEL              16    20    FB3_11  33   I/O     O       STD  FAST 

** 18 Buried Nodes **

Signal              Total Total Loc     Pwr  Reg Init
Name                Pts   Inps          Mode State
REC2_OUT_BUFR       23    29    FB2_3   STD  
ERROR_OUT_BUFR_4_   4     7     FB2_7   STD  
$OpTx$FX_DC$400     4     6     FB2_10  STD  
$OpTx$FX_DC$395     4     6     FB2_11  STD  
$OpTx$FX_DC$394     4     6     FB2_12  STD  
$OpTx$FX_DC$415     8     11    FB2_14  STD  
RECSEL_BUFR         16    20    FB2_15  STD  
$OpTx$FX_DC$414     8     11    FB2_17  STD  
ERROR_OUT_BUFR_3_   1     6     FB3_13  STD  
$OpTx$FX_DC$397     4     6     FB3_14  STD  
$OpTx$FX_DC$396     4     6     FB3_15  STD  
ERROR_OUT_BUFR_2_   5     10    FB3_16  STD  
ERROR_OUT_BUFR_1_   5     10    FB3_17  STD  
ERROR_OUT_BUFR_0_   5     10    FB3_18  STD  
FC_OUT_BUFR         23    33    FB4_2   STD  
$OpTx$FX_DC$416     16    20    FB4_6   STD  
INSEL_BUFR          16    20    FB4_10  STD  
AUX_OUT_BUFR        25    26    FB4_15  STD  

** 41 Inputs **

Signal              Loc     Pin  Pin     Pin     
Name                        No.  Type    Use     
SB_opt              FB1_1   4    I/O     I
DCC_kx              FB1_2   1    I/O     I
A1_opt              FB1_3   6    I/O     I
A1_kx               FB1_4   7    I/O     I
PC_opt              FB1_5   2    I/O     I
PC_kx               FB1_6   3    I/O     I
A2_opt              FB1_7   11   I/O     I
SB_kx               FB1_8   5    I/O     I
A2_kx               FB1_10  13   I/O     I
AUX_opt             FB1_12  18   I/O     I
DSP_opt             FB1_15  14   I/O     I
DSP_kx              FB1_17  15   I/O     I
B6                  FB2_1   63   I/O     I
A2                  FB2_2   69   I/O     I
A4                  FB2_3   67   I/O     I
A1                  FB2_4   68   I/O     I
FC_IN               FB2_5   70   I/O     I
CD_opt              FB2_10  75   I/O     I
DAT_opt             FB2_12  79   I/O     I
CD_kx               FB2_13  80   I/O     I
DAT_kx              FB2_14  81   I/O     I
DSR_kx              FB2_15  83   I/O     I
DSR_opt             FB2_16  82   I/O     I
DCC_opt             FB2_17  84   I/O     I
AUX_kx              FB3_5   19   I/O     I
ERRSW               FB3_14  36   I/O     I
E19                 FB3_16  45   I/O     I
E18                 FB4_1   46   I/O     I
D15                 FB4_3   51   I/O     I
D13                 FB4_4   52   I/O     I
E17                 FB4_5   47   I/O     I
C11                 FB4_6   54   I/O     I
C12                 FB4_7   55   I/O     I
E16                 FB4_8   48   I/O     I
C10                 FB4_10  57   I/O     I
D14                 FB4_11  53   I/O     I
B8                  FB4_13  61   I/O     I
C9                  FB4_14  56   I/O     I
B7                  FB4_15  65   I/O     I
B5                  FB4_16  62   I/O     I

Signal              Loc     Pin  Pin     Pin     
Name                        No.  Type    Use     
A3                  FB4_17  66   I/O     I

Legend:
Pin No. - ~ - User Assigned
**************************  Function Block Details  ************************
Legend:
Total Pt     - Total product terms used by the macrocell signal
Imp Pt       - Product terms imported from other macrocells
Exp Pt       - Product terms exported to other macrocells
               in direction shown
Unused Pt    - Unused local product terms remaining in macrocell
Loc          - Location where logic was mapped in device
Pin Type/Use - I  - Input             GCK - Global Clock
               O  - Output            GTS - Global Output Enable
              (b) - Buried macrocell  GSR - Global Set/Reset
X(@)         - Signal used as input (wire-AND input) to the macrocell logic.
               The number of Signals Used may exceed the number of FB Inputs
               Used due to wire-ANDing in the switch matrix.
Pin No.      - ~  - User Assigned
*********************************** FB1  ***********************************
Number of function block inputs used/remaining:               34/2
Number of signals used by logic mapping into function block:  34
Signal              Total   Imp   Exp Unused  Loc     Pin   Pin     Pin
Name                Pt      Pt    Pt  Pt               #    Type    Use
(unused)              0       0   /\5   0     FB1_1   4     I/O     I
(unused)              0       0   /\5   0     FB1_2   1     I/O     I
(unused)              0       0   /\5   0     FB1_3   6     I/O     I
(unused)              0       0   /\5   0     FB1_4   7     I/O     I
(unused)              0       0   /\3   2     FB1_5   2     I/O     I
(unused)              0       0     0   5     FB1_6   3     I/O     I
(unused)              0       0     0   5     FB1_7   11    I/O     I
(unused)              0       0     0   5     FB1_8   5     I/O     I
(unused)              0       0   \/3   2     FB1_9   9     GCK/I/O (b)
(unused)              0       0   \/5   0     FB1_10  13    I/O     I
(unused)              0       0   \/5   0     FB1_11  10    GCK/I/O (b)
(unused)              0       0   \/5   0     FB1_12  18    I/O     I
REC1_OUT             23      18<-   0   0     FB1_13  20    I/O     O
(unused)              0       0   \/5   0     FB1_14  12    GCK/I/O (b)
(unused)              0       0   \/5   0     FB1_15  14    I/O     I
PC_OUT               23      18<-   0   0     FB1_16  23    I/O     O
(unused)              0       0   /\5   0     FB1_17  15    I/O     I
DSP_OUT              25      23<- /\3   0     FB1_18  24    I/O     O

Signals Used by Logic in Function Block
  1: $OpTx$FX_DC$415   13: B6                24: DSR_kx 
  2: A1                14: B7                25: DSR_opt 
  3: A1_kx             15: B8                26: E16 
  4: A1_opt            16: CD_kx             27: E17 
  5: A2                17: CD_opt            28: E18 
  6: A2_kx             18: DAT_kx            29: E19 
  7: A2_opt            19: DAT_opt           30: FC_IN 
  8: A3                20: DCC_kx            31: PC_kx 
  9: A4                21: DCC_opt           32: PC_opt 
 10: AUX_kx            22: DSP_kx            33: SB_kx 
 11: AUX_opt           23: DSP_opt           34: SB_opt 
 12: B5               

Signal                        1         2         3         4 Signals FB
Name                0----+----0----+----0----+----0----+----0 Used    Inputs
REC1_OUT             ..XX.XX..XXXXXXXXXXXXXXXXXXXXXXXXX...... 29      29
PC_OUT               ..XX.XX..XXXXXXXXXXXXXXXXXXXXXXXXX...... 29      29
DSP_OUT              XXXXXXXXX..XXXXXXXXXX..XX...X.XXXX...... 26      26
                    0----+----1----+----2----+----3----+----4
                              0         0         0         0
*********************************** FB2  ***********************************
Number of function block inputs used/remaining:               36/0
Number of signals used by logic mapping into function block:  36
Signal              Total   Imp   Exp Unused  Loc     Pin   Pin     Pin
Name                Pt      Pt    Pt  Pt               #    Type    Use
(unused)              0       0   \/5   0     FB2_1   63    I/O     I
(unused)              0       0   \/5   0     FB2_2   69    I/O     I
REC2_OUT_BUFR        23      18<-   0   0     FB2_3   67    I/O     I
(unused)              0       0   /\5   0     FB2_4   68    I/O     I
(unused)              0       0   /\3   2     FB2_5   70    I/O     I
FC_OUT                1       0     0   4     FB2_6   71    I/O     O
ERROR_OUT_BUFR_4_     4       0   \/1   0     FB2_7   76    GTS/I/O (b)
DA_OUT                9       4<-   0   0     FB2_8   72    I/O     O
(unused)              0       0   /\3   2     FB2_9   74    GSR/I/O (b)
$OpTx$FX_DC$400       4       0     0   1     FB2_10  75    I/O     I
$OpTx$FX_DC$395       4       0   \/1   0     FB2_11  77    GTS/I/O (b)
$OpTx$FX_DC$394       4       1<- \/2   0     FB2_12  79    I/O     I
(unused)              0       0   \/5   0     FB2_13  80    I/O     I
$OpTx$FX_DC$415       8       7<- \/4   0     FB2_14  81    I/O     I
RECSEL_BUFR          16      11<-   0   0     FB2_15  83    I/O     I
(unused)              0       0   /\5   0     FB2_16  82    I/O     I
$OpTx$FX_DC$414       8       5<- /\2   0     FB2_17  84    I/O     I
(unused)              0       0   /\5   0     FB2_18        (b)     (b)

Signals Used by Logic in Function Block
  1: $OpTx$FX_DC$416   13: C11               25: DSR_kx 
  2: A1_kx             14: CD_kx             26: DSR_opt 
  3: A1_opt            15: CD_opt            27: E16 
  4: A2_kx             16: D13               28: E17 
  5: A2_opt            17: D14               29: E18 
  6: AUX_kx            18: D15               30: E19 
  7: AUX_opt           19: DAT_kx            31: FC_IN 
  8: B5                20: DAT_opt           32: FC_OUT_BUFR 
  9: B6                21: DCC_kx            33: PC_kx 
 10: B7                22: DCC_opt           34: PC_opt 
 11: B8                23: DSP_kx            35: SB_kx 
 12: C10               24: DSP_opt           36: SB_opt 

Signal                        1         2         3         4 Signals FB
Name                0----+----0----+----0----+----0----+----0 Used    Inputs
REC2_OUT_BUFR        .XXXXXXXXXX..XX...XXXXXXXXXXXXX.XXXX.... 29      29
FC_OUT               ...............................X........ 1       1
ERROR_OUT_BUFR_4_    .....XX........XXX....XX................ 7       7
DA_OUT               X....XX...............XX..XXXXX.XX...... 12      12
$OpTx$FX_DC$400      .....XX........XX.....XX................ 6       6
$OpTx$FX_DC$395      ...........XX.X....X.X...X.............. 6       6
$OpTx$FX_DC$394      ...........XXX....X.X...X............... 6       6
$OpTx$FX_DC$415      .......XXX...XX...XXXX..XX.............. 11      11
RECSEL_BUFR          .XXXX..XXXX..XX...XXXX..XX......XXXX.... 20      20
$OpTx$FX_DC$414      .XXXX..XXX......................XXXX.... 11      11
                    0----+----1----+----2----+----3----+----4
                              0         0         0         0
*********************************** FB3  ***********************************
Number of function block inputs used/remaining:               36/0
Number of signals used by logic mapping into function block:  41
Signal              Total   Imp   Exp Unused  Loc     Pin   Pin     Pin
Name                Pt      Pt    Pt  Pt               #    Type    Use
AUX_OUT               1       0   \/2   2     FB3_1   25    I/O     O
DIG_OUT               9       4<-   0   0     FB3_2   17    I/O     O
INSEL                 1       0   /\2   2     FB3_3   31    I/O     O
RECSEL                1       0     0   4     FB3_4   32    I/O     O
(unused)              0       0     0   5     FB3_5   19    I/O     I
(unused)              0       0     0   5     FB3_6   34    I/O     
(unused)              0       0     0   5     FB3_7   35    I/O     
REC2_OUT              1       0     0   4     FB3_8   21    I/O     O
ERROR_OUT             1       0   \/1   3     FB3_9   26    I/O     O
(unused)              0       0   \/5   0     FB3_10  40    I/O     (b)
ERRSEL               16      11<-   0   0     FB3_11  33    I/O     O
(unused)              0       0   /\5   0     FB3_12  41    I/O     (b)
ERROR_OUT_BUFR_3_     1       0     0   4     FB3_13  43    I/O     (b)
$OpTx$FX_DC$397       4       0     0   1     FB3_14  36    I/O     I
$OpTx$FX_DC$396       4       0     0   1     FB3_15  37    I/O     (b)
ERROR_OUT_BUFR_2_     5       0     0   0     FB3_16  45    I/O     I
ERROR_OUT_BUFR_1_     5       0     0   0     FB3_17  39    I/O     (b)
ERROR_OUT_BUFR_0_     5       0     0   0     FB3_18        (b)     (b)

Signals Used by Logic in Function Block
  1: $OpTx$FX_DC$416   15: D15               29: ERROR_OUT_BUFR_0_ 
  2: A1_kx             16: DAT_kx            30: ERROR_OUT_BUFR_1_ 
  3: A1_opt            17: DAT_opt           31: ERROR_OUT_BUFR_2_ 
  4: A2_kx             18: DCC_kx            32: ERROR_OUT_BUFR_3_ 
  5: A2_opt            19: DCC_opt           33: ERROR_OUT_BUFR_4_ 
  6: AUX_OUT_BUFR      20: DSP_kx            34: FC_IN 
  7: AUX_kx            21: DSP_opt           35: INSEL_BUFR 
  8: AUX_opt           22: DSR_kx            36: PC_kx 
  9: C10               23: DSR_opt           37: PC_opt 
 10: C11               24: E16               38: REC2_OUT_BUFR 
 11: C12               25: E17               39: RECSEL_BUFR 
 12: C9                26: E18               40: SB_kx 
 13: CD_kx             27: E19               41: SB_opt 
 14: CD_opt            28: ERROR_OUT_BUFR   

Signal                        1         2         3         4         5 Signals FB
Name                0----+----0----+----0----+----0----+----0----+----0 Used    Inputs
AUX_OUT              .....X............................................ 1       1
DIG_OUT              X.....XX...........XX..XXXX......X.XX............. 12      12
INSEL                ..................................X............... 1       1
RECSEL               ......................................X........... 1       1
REC2_OUT             .....................................X............ 1       1
ERROR_OUT            ...........................X@@@@@................. 6       1
ERRSEL               .XXXX...XXXXXX.XXXX..XX............XX..XX......... 20      20
ERROR_OUT_BUFR_3_    ..X.....XXXX..X................................... 6       6
$OpTx$FX_DC$397      ..X.X...XX..........................X...X......... 6       6
$OpTx$FX_DC$396      .X.X....XX.........................X...X.......... 6       6
ERROR_OUT_BUFR_2_    .X......XXXXXXX......XX........................... 10      10
ERROR_OUT_BUFR_1_    ...XX...XXXX..X..XX.................X............. 10      10
ERROR_OUT_BUFR_0_    ........XXXX..XXX..................X...XX......... 10      10
                    0----+----1----+----2----+----3----+----4----+----5
                              0         0         0         0         0
*********************************** FB4  ***********************************
Number of function block inputs used/remaining:               36/0
Number of signals used by logic mapping into function block:  36
Signal              Total   Imp   Exp Unused  Loc     Pin   Pin     Pin
Name                Pt      Pt    Pt  Pt               #    Type    Use
(unused)              0       0   \/5   0     FB4_1   46    I/O     I
FC_OUT_BUFR          23      18<-   0   0     FB4_2   44    I/O     (b)
(unused)              0       0   /\5   0     FB4_3   51    I/O     I
(unused)              0       0   /\3   2     FB4_4   52    I/O     I
(unused)              0       0   \/5   0     FB4_5   47    I/O     I
$OpTx$FX_DC$416      16      11<-   0   0     FB4_6   54    I/O     I
(unused)              0       0   /\5   0     FB4_7   55    I/O     I
(unused)              0       0   /\1   4     FB4_8   48    I/O     I
(unused)              0       0   \/5   0     FB4_9   50    I/O     (b)
INSEL_BUFR           16      11<-   0   0     FB4_10  57    I/O     I
(unused)              0       0   /\5   0     FB4_11  53    I/O     I
(unused)              0       0   /\1   4     FB4_12  58    I/O     (b)
(unused)              0       0   \/5   0     FB4_13  61    I/O     I
(unused)              0       0   \/5   0     FB4_14  56    I/O     I
AUX_OUT_BUFR         25      20<-   0   0     FB4_15  65    I/O     I
(unused)              0       0   /\5   0     FB4_16  62    I/O     I
(unused)              0       0   /\5   0     FB4_17  66    I/O     I
(unused)              0       0   \/5   0     FB4_18        (b)     (b)

Signals Used by Logic in Function Block
  1: $OpTx$FX_DC$394   13: A2_opt            25: DAT_kx 
  2: $OpTx$FX_DC$395   14: A3                26: DAT_opt 
  3: $OpTx$FX_DC$396   15: A4                27: DCC_kx 
  4: $OpTx$FX_DC$397   16: B5                28: DCC_opt 
  5: $OpTx$FX_DC$400   17: B6                29: DSR_kx 
  6: $OpTx$FX_DC$414   18: B7                30: DSR_opt 
  7: $OpTx$FX_DC$415   19: B8                31: E19 
  8: A1                20: C12               32: ERRSW 
  9: A1_kx             21: C9                33: PC_kx 
 10: A1_opt            22: CD_kx             34: PC_opt 
 11: A2                23: CD_opt            35: SB_kx 
 12: A2_kx             24: D15               36: SB_opt 

Signal                        1         2         3         4 Signals FB
Name                0----+----0----+----0----+----0----+----0 Used    Inputs
FC_OUT_BUFR          XXXXXXXXXXXXXXX...XXXXXXXXXXXXXXXXXX.... 33      33
$OpTx$FX_DC$416      .......XXXXXXXX......XX.XXXXXX..XXXX.... 20      20
INSEL_BUFR           .......XXXXXXXX......XX.XXXXXX..XXXX.... 20      20
AUX_OUT_BUFR         ......XXXXXXXXXXXXX..XX.XXXXXXX.XXXX.... 26      26
                    0----+----1----+----2----+----3----+----4
                              0         0         0         0
*******************************  Equations  ********************************

********** Mapped Logic **********

!ERROR_OUT_BUFR  =  !ERROR_OUT_BUFR_0_ & !ERROR_OUT_BUFR_1_ & 
	!ERROR_OUT_BUFR_2_ & !ERROR_OUT_BUFR_3_ & !ERROR_OUT_BUFR_4_;	FC node    

$OpTx$FX_DC$394 = DSR_kx & C11 & !C10
	# CD_kx & !C11 & !C10
	# !C11 & C10 & DAT_kx
;Imported pterms FB2_11
	# DCC_kx & C11 & C10;    

$OpTx$FX_DC$395 = DCC_opt & C11 & C10
	# DAT_opt & !C11 & C10
	# DSR_opt & C11 & !C10
	# CD_opt & !C11 & !C10;    

$OpTx$FX_DC$396 = PC_kx & !C11 & !C10
	# A2_kx & C11 & C10
	# A1_kx & C11 & !C10
	# SB_kx & !C11 & C10;    

$OpTx$FX_DC$397 = PC_opt & !C11 & !C10
	# A2_opt & C11 & C10
	# SB_opt & !C11 & C10
	# A1_opt & C11 & !C10;    

$OpTx$FX_DC$400 = DSP_opt & !D14 & !D13
	# D14 & D13 & AUX_kx
	# D14 & !D13 & AUX_opt
	# !D14 & D13 & DSP_kx;    

$OpTx$FX_DC$414 = PC_opt & !B7 & !B6 & !B5
	# SB_opt & !B7 & B6 & !B5
	# SB_kx & !B7 & B6 & B5
;Imported pterms FB2_18
	# PC_kx & !B7 & !B6 & B5
	# A2_kx & B7 & B6 & B5
	# A1_kx & B7 & !B6 & B5
	# A2_opt & B7 & B6 & !B5
	# A1_opt & B7 & !B6 & !B5;    

$OpTx$FX_DC$415 = DAT_opt & !B7 & B6 & !B5
;Imported pterms FB2_13
	# CD_kx & !B7 & !B6 & B5
	# DCC_kx & B7 & B6 & B5
	# DCC_opt & B7 & B6 & !B5
	# CD_opt & !B7 & !B6 & !B5
	# DAT_kx & !B7 & B6 & B5
;Imported pterms FB2_12
	# DSR_kx & B7 & !B6 & B5
	# DSR_opt & B7 & !B6 & !B5;    

$OpTx$FX_DC$416 = PC_opt & A4 & !A3 & !A2 & !A1
	# A1_kx & A4 & A3 & !A2 & A1
	# DSR_kx & !A4 & A3 & !A2 & A1
	# A1_opt & A4 & A3 & !A2 & !A1
	# DSR_opt & !A4 & A3 & !A2 & !A1
;Imported pterms FB4_5
	# PC_kx & A4 & !A3 & !A2 & A1
	# A2_kx & A4 & A3 & A2 & A1
	# CD_kx & !A4 & !A3 & !A2 & A1
	# A2_opt & A4 & A3 & A2 & !A1
	# CD_opt & !A4 & !A3 & !A2 & !A1
;Imported pterms FB4_7
	# DCC_kx & !A4 & A3 & A2 & A1
	# DCC_opt & !A4 & A3 & A2 & !A1
	# SB_opt & A4 & !A3 & A2 & !A1
	# DAT_opt & !A4 & !A3 & A2 & !A1
	# SB_kx & A4 & !A3 & A2 & A1
;Imported pterms FB4_8
	# DAT_kx & !A4 & !A3 & A2 & A1;    

AUX_OUT = AUX_OUT_BUFR;    

AUX_OUT_BUFR = E19 & !B8 & $OpTx$FX_DC$415
	# !E19 & A1_kx & A4 & A3 & !A2 & A1
	# !E19 & DSR_kx & !A4 & A3 & !A2 & A1
	# !E19 & A1_opt & A4 & A3 & !A2 & !A1
	# !E19 & DSR_opt & !A4 & A3 & !A2 & !A1
;Imported pterms FB4_14
	# !E19 & PC_kx & A4 & !A3 & !A2 & A1
	# !E19 & PC_opt & A4 & !A3 & !A2 & !A1
	# !E19 & CD_kx & !A4 & !A3 & !A2 & A1
	# !E19 & A2_opt & A4 & A3 & A2 & !A1
	# !E19 & CD_opt & !A4 & !A3 & !A2 & !A1
;Imported pterms FB4_13
	# E19 & A2_kx & B8 & B7 & B6 & B5
	# E19 & A1_kx & B8 & B7 & !B6 & B5
	# E19 & A2_opt & B8 & B7 & B6 & !B5
	# !E19 & DAT_opt & !A4 & !A3 & A2 & !A1
	# !E19 & DAT_kx & !A4 & !A3 & A2 & A1
;Imported pterms FB4_16
	# !E19 & A2_kx & A4 & A3 & A2 & A1
	# !E19 & DCC_kx & !A4 & A3 & A2 & A1
	# !E19 & DCC_opt & !A4 & A3 & A2 & !A1
	# !E19 & SB_opt & A4 & !A3 & A2 & !A1
	# !E19 & SB_kx & A4 & !A3 & A2 & A1
;Imported pterms FB4_17
	# E19 & PC_kx & B8 & !B7 & !B6 & B5
	# E19 & PC_opt & B8 & !B7 & !B6 & !B5
	# E19 & SB_opt & B8 & !B7 & B6 & !B5
	# E19 & A1_opt & B8 & B7 & !B6 & !B5
	# E19 & SB_kx & B8 & !B7 & B6 & B5;    

DA_OUT = E19 & $OpTx$FX_DC$416
	# !E18 & !E17 & !E16 & $OpTx$FX_DC$416
	# E18 & !E17 & E16 & !E19 & AUX_kx
	# E18 & !E17 & !E16 & !E19 & DSP_kx
	# !E18 & !E17 & E16 & !E19 & PC_opt
;Imported pterms FB2_7
	# !E18 & E17 & !E16 & !E19 & PC_kx
;Imported pterms FB2_9
	# DSP_opt & !E18 & E17 & E16 & !E19
	# E18 & E17 & E16 & FC_IN & !E19
	# E18 & E17 & !E16 & !E19 & AUX_opt;    

DIG_OUT = E19 & $OpTx$FX_DC$416
	# !E18 & !E17 & !E16 & $OpTx$FX_DC$416
	# E18 & !E17 & E16 & !E19 & AUX_kx
	# E18 & !E17 & !E16 & !E19 & DSP_kx
	# !E18 & !E17 & E16 & !E19 & PC_opt
;Imported pterms FB3_1
	# DSP_opt & !E18 & E17 & E16 & !E19
	# !E18 & E17 & !E16 & !E19 & PC_kx
;Imported pterms FB3_3
	# E18 & E17 & E16 & FC_IN & !E19
	# E18 & E17 & !E16 & !E19 & AUX_opt;    

DSP_OUT = E19 & !B8 & $OpTx$FX_DC$415
	# !E19 & A1_opt & A4 & A3 & !A2 & !A1
;Imported pterms FB1_1
	# !E19 & PC_kx & A4 & !A3 & !A2 & A1
	# !E19 & PC_opt & A4 & !A3 & !A2 & !A1
	# !E19 & A1_kx & A4 & A3 & !A2 & A1
	# !E19 & DSR_kx & !A4 & A3 & !A2 & A1
	# !E19 & DSR_opt & !A4 & A3 & !A2 & !A1
;Imported pterms FB1_2
	# !E19 & A2_kx & A4 & A3 & A2 & A1
	# !E19 & CD_kx & !A4 & !A3 & !A2 & A1
	# !E19 & A2_opt & A4 & A3 & A2 & !A1
	# !E19 & DCC_opt & !A4 & A3 & A2 & !A1
	# !E19 & CD_opt & !A4 & !A3 & !A2 & !A1
;Imported pterms FB1_3
	# !E19 & DCC_kx & !A4 & A3 & A2 & A1
	# !E19 & SB_opt & A4 & !A3 & A2 & !A1
	# !E19 & DAT_opt & !A4 & !A3 & A2 & !A1
	# !E19 & SB_kx & A4 & !A3 & A2 & A1
	# !E19 & DAT_kx & !A4 & !A3 & A2 & A1
;Imported pterms FB1_4
	# E19 & A2_kx & B8 & B7 & B6 & B5
	# E19 & A1_kx & B8 & B7 & !B6 & B5
	# E19 & A2_opt & B8 & B7 & B6 & !B5
	# E19 & A1_opt & B8 & B7 & !B6 & !B5
	# E19 & SB_kx & B8 & !B7 & B6 & B5
;Imported pterms FB1_5
	# E19 & PC_kx & B8 & !B7 & !B6 & B5
	# E19 & PC_opt & B8 & !B7 & !B6 & !B5
	# E19 & SB_opt & B8 & !B7 & B6 & !B5;    

ERROR_OUT = ERROR_OUT_BUFR;    

ERROR_OUT_BUFR_0_ = D15 & PC_kx & C9 & C12 & !C11 & !C10
	# D15 & C9 & C12 & SB_kx & !C11 & C10
	# D15 & C9 & !C12 & !C11 & C10 & DAT_kx
	# D15 & !C9 & SB_opt & C12 & !C11 & C10
	# D15 & !C9 & DAT_opt & !C12 & !C11 & C10;    

ERROR_OUT_BUFR_1_ = D15 & PC_opt & !C9 & C12 & !C11 & !C10
	# D15 & C9 & A2_kx & C12 & C11 & C10
	# D15 & C9 & DCC_kx & !C12 & C11 & C10
	# D15 & !C9 & A2_opt & C12 & C11 & C10
	# D15 & !C9 & DCC_opt & !C12 & C11 & C10;    

ERROR_OUT_BUFR_2_ = D15 & C9 & A1_kx & C12 & C11 & !C10
	# D15 & C9 & DSR_kx & !C12 & C11 & !C10
	# D15 & C9 & CD_kx & !C12 & !C11 & !C10
	# D15 & !C9 & DSR_opt & !C12 & C11 & !C10
	# D15 & !C9 & CD_opt & !C12 & !C11 & !C10;    

ERROR_OUT_BUFR_3_ = D15 & !C9 & A1_opt & C12 & C11 & !C10;    

ERROR_OUT_BUFR_4_ = DSP_opt & !D15 & !D14 & !D13
	# !D15 & D14 & D13 & AUX_kx
	# !D15 & D14 & !D13 & AUX_opt
	# !D15 & !D14 & D13 & DSP_kx;    

ERRSEL = C9 & DCC_kx & !C12 & C11 & C10
	# C9 & C12 & SB_kx & !C11 & C10
	# C9 & !C12 & !C11 & C10 & DAT_kx
	# !C9 & SB_opt & C12 & !C11 & C10
	# !C9 & DAT_opt & !C12 & !C11 & C10
;Imported pterms FB3_10
	# PC_kx & C9 & C12 & !C11 & !C10
	# PC_opt & !C9 & C12 & !C11 & !C10
	# C9 & A2_kx & C12 & C11 & C10
	# !C9 & A2_opt & C12 & C11 & C10
	# !C9 & DCC_opt & !C12 & C11 & C10
;Imported pterms FB3_9
	# C9 & A1_kx & C12 & C11 & !C10
;Imported pterms FB3_12
	# C9 & DSR_kx & !C12 & C11 & !C10
	# C9 & CD_kx & !C12 & !C11 & !C10
	# !C9 & A1_opt & C12 & C11 & !C10
	# !C9 & DSR_opt & !C12 & C11 & !C10
	# !C9 & CD_opt & !C12 & !C11 & !C10;    

FC_OUT = FC_OUT_BUFR;    

FC_OUT_BUFR = !ERRSW & !D15 & $OpTx$FX_DC$400
	# ERRSW & E19 & B8 & $OpTx$FX_DC$414
	# ERRSW & E19 & !B8 & $OpTx$FX_DC$415
	# !ERRSW & D15 & C9 & C12 & $OpTx$FX_DC$396
	# !ERRSW & D15 & C9 & !C12 & $OpTx$FX_DC$394
;Imported pterms FB4_1
	# !ERRSW & D15 & !C9 & C12 & $OpTx$FX_DC$397
	# !ERRSW & D15 & !C9 & !C12 & $OpTx$FX_DC$395
	# ERRSW & !E19 & A1_kx & A4 & A3 & !A2 & A1
	# ERRSW & !E19 & A1_opt & A4 & A3 & !A2 & !A1
	# ERRSW & !E19 & DSR_opt & !A4 & A3 & !A2 & !A1
;Imported pterms FB4_18
	# ERRSW & !E19 & A2_kx & A4 & A3 & A2 & A1
	# ERRSW & !E19 & DCC_kx & !A4 & A3 & A2 & A1
	# ERRSW & !E19 & A2_opt & A4 & A3 & A2 & !A1
	# ERRSW & !E19 & DCC_opt & !A4 & A3 & A2 & !A1
	# ERRSW & !E19 & SB_opt & A4 & !A3 & A2 & !A1
;Imported pterms FB4_3
	# ERRSW & !E19 & PC_kx & A4 & !A3 & !A2 & A1
	# ERRSW & !E19 & PC_opt & A4 & !A3 & !A2 & !A1
	# ERRSW & !E19 & DSR_kx & !A4 & A3 & !A2 & A1
	# ERRSW & !E19 & CD_kx & !A4 & !A3 & !A2 & A1
	# ERRSW & !E19 & CD_opt & !A4 & !A3 & !A2 & !A1
;Imported pterms FB4_4
	# ERRSW & !E19 & DAT_opt & !A4 & !A3 & A2 & !A1
	# ERRSW & !E19 & SB_kx & A4 & !A3 & A2 & A1
	# ERRSW & !E19 & DAT_kx & !A4 & !A3 & A2 & A1;    

INSEL = INSEL_BUFR;    

INSEL_BUFR = PC_kx & A4 & !A3 & !A2 & A1
	# A1_kx & A4 & A3 & !A2 & A1
	# DSR_kx & !A4 & A3 & !A2 & A1
	# CD_kx & !A4 & !A3 & !A2 & A1
	# DAT_kx & !A4 & !A3 & A2 & A1
;Imported pterms FB4_9
	# PC_opt & A4 & !A3 & !A2 & !A1
	# A2_kx & A4 & A3 & A2 & A1
	# DCC_kx & !A4 & A3 & A2 & A1
	# CD_opt & !A4 & !A3 & !A2 & !A1
	# SB_kx & A4 & !A3 & A2 & A1
;Imported pterms FB4_11
	# A2_opt & A4 & A3 & A2 & !A1
	# SB_opt & A4 & !A3 & A2 & !A1
	# DAT_opt & !A4 & !A3 & A2 & !A1
	# A1_opt & A4 & A3 & !A2 & !A1
	# DSR_opt & !A4 & A3 & !A2 & !A1
;Imported pterms FB4_12
	# DCC_opt & !A4 & A3 & A2 & !A1;    

PC_OUT = DSP_opt & !E18 & E17 & !E16 & E19
	# E18 & !E17 & E16 & E19 & AUX_kx
	# !E18 & E17 & E16 & E19 & DSP_kx
	# !E18 & !E17 & E16 & E19 & PC_kx
	# !E18 & !E17 & !E16 & E19 & PC_opt
;Imported pterms FB1_15
	# E18 & E17 & !E16 & FC_IN & E19
	# E18 & !E17 & !E16 & E19 & AUX_opt
	# !E19 & A2_opt & B8 & B7 & B6 & !B5
	# !E19 & SB_opt & B8 & !B7 & B6 & !B5
	# !E19 & DAT_opt & !B8 & !B7 & B6 & !B5
;Imported pterms FB1_14
	# !E19 & PC_kx & B8 & !B7 & !B6 & B5
	# !E19 & A1_kx & B8 & B7 & !B6 & B5
	# !E19 & DSR_kx & !B8 & B7 & !B6 & B5
	# !E19 & CD_kx & !B8 & !B7 & !B6 & B5
	# !E19 & DAT_kx & !B8 & !B7 & B6 & B5
;Imported pterms FB1_17
	# !E19 & PC_opt & B8 & !B7 & !B6 & !B5
	# !E19 & DCC_opt & !B8 & B7 & B6 & !B5
	# !E19 & A1_opt & B8 & B7 & !B6 & !B5
	# !E19 & DSR_opt & !B8 & B7 & !B6 & !B5
	# !E19 & CD_opt & !B8 & !B7 & !B6 & !B5
;Imported pterms FB1_18
	# !E19 & A2_kx & B8 & B7 & B6 & B5
	# !E19 & DCC_kx & !B8 & B7 & B6 & B5
	# !E19 & SB_kx & B8 & !B7 & B6 & B5;    

REC1_OUT = DSP_opt & !E18 & E17 & !E16 & E19
	# E18 & !E17 & E16 & E19 & AUX_kx
	# !E18 & E17 & E16 & E19 & DSP_kx
	# !E18 & !E17 & E16 & E19 & PC_kx
	# !E18 & !E17 & !E16 & E19 & PC_opt
;Imported pterms FB1_12
	# E18 & E17 & !E16 & FC_IN & E19
	# E18 & !E17 & !E16 & E19 & AUX_opt
	# !E19 & A2_opt & B8 & B7 & B6 & !B5
	# !E19 & SB_opt & B8 & !B7 & B6 & !B5
	# !E19 & DAT_opt & !B8 & !B7 & B6 & !B5
;Imported pterms FB1_11
	# !E19 & PC_opt & B8 & !B7 & !B6 & !B5
	# !E19 & DCC_opt & !B8 & B7 & B6 & !B5
	# !E19 & A1_opt & B8 & B7 & !B6 & !B5
	# !E19 & DSR_opt & !B8 & B7 & !B6 & !B5
	# !E19 & CD_opt & !B8 & !B7 & !B6 & !B5
;Imported pterms FB1_10
	# !E19 & PC_kx & B8 & !B7 & !B6 & B5
	# !E19 & A1_kx & B8 & B7 & !B6 & B5
	# !E19 & DSR_kx & !B8 & B7 & !B6 & B5
	# !E19 & CD_kx & !B8 & !B7 & !B6 & B5
	# !E19 & DAT_kx & !B8 & !B7 & B6 & B5
;Imported pterms FB1_9
	# !E19 & A2_kx & B8 & B7 & B6 & B5
	# !E19 & DCC_kx & !B8 & B7 & B6 & B5
	# !E19 & SB_kx & B8 & !B7 & B6 & B5;    

REC2_OUT = REC2_OUT_BUFR;    

REC2_OUT_BUFR = DSP_opt & !E18 & E17 & !E16 & E19
	# E18 & !E17 & E16 & E19 & AUX_kx
	# !E18 & E17 & E16 & E19 & DSP_kx
	# !E18 & !E17 & E16 & E19 & PC_kx
	# !E18 & !E17 & !E16 & E19 & PC_opt
;Imported pterms FB2_2
	# E18 & E17 & !E16 & FC_IN & E19
	# E18 & !E17 & !E16 & E19 & AUX_opt
	# !E19 & A2_opt & B8 & B7 & B6 & !B5
	# !E19 & SB_opt & B8 & !B7 & B6 & !B5
	# !E19 & DAT_opt & !B8 & !B7 & B6 & !B5
;Imported pterms FB2_1
	# !E19 & PC_kx & B8 & !B7 & !B6 & B5
	# !E19 & A1_kx & B8 & B7 & !B6 & B5
	# !E19 & DSR_kx & !B8 & B7 & !B6 & B5
	# !E19 & CD_kx & !B8 & !B7 & !B6 & B5
	# !E19 & DAT_kx & !B8 & !B7 & B6 & B5
;Imported pterms FB2_4
	# !E19 & PC_opt & B8 & !B7 & !B6 & !B5
	# !E19 & DCC_opt & !B8 & B7 & B6 & !B5
	# !E19 & A1_opt & B8 & B7 & !B6 & !B5
	# !E19 & DSR_opt & !B8 & B7 & !B6 & !B5
	# !E19 & CD_opt & !B8 & !B7 & !B6 & !B5
;Imported pterms FB2_5
	# !E19 & A2_kx & B8 & B7 & B6 & B5
	# !E19 & DCC_kx & !B8 & B7 & B6 & B5
	# !E19 & SB_kx & B8 & !B7 & B6 & B5;    

RECSEL = RECSEL_BUFR;    

RECSEL_BUFR = A2_opt & B8 & B7 & B6 & !B5
	# DCC_opt & !B8 & B7 & B6 & !B5
	# SB_opt & B8 & !B7 & B6 & !B5
	# DAT_opt & !B8 & !B7 & B6 & !B5
	# CD_opt & !B8 & !B7 & !B6 & !B5
;Imported pterms FB2_14
	# PC_opt & B8 & !B7 & !B6 & !B5
	# CD_kx & !B8 & !B7 & !B6 & B5
	# A1_opt & B8 & B7 & !B6 & !B5
	# DSR_opt & !B8 & B7 & !B6 & !B5
;Imported pterms FB2_16
	# PC_kx & B8 & !B7 & !B6 & B5
	# A1_kx & B8 & B7 & !B6 & B5
	# DSR_kx & !B8 & B7 & !B6 & B5
	# SB_kx & B8 & !B7 & B6 & B5
	# DAT_kx & !B8 & !B7 & B6 & B5
;Imported pterms FB2_17
	# A2_kx & B8 & B7 & B6 & B5
	# DCC_kx & !B8 & B7 & B6 & B5;    

******************************  Device Pin Out *****************************

Device : XC9572-15-PC84


   --------------------------------------------------------------  
  /11 10 9  8  7  6  5  4  3  2  1  84 83 82 81 80 79 78 77 76 75 \
 | 12                                                          74 | 
 | 13                                                          73 | 
 | 14                                                          72 | 
 | 15                                                          71 | 
 | 16                                                          70 | 
 | 17                                                          69 | 
 | 18                                                          68 | 
 | 19                                                          67 | 
 | 20                                                          66 | 
 | 21                       XC9572-15-PC84                     65 | 
 | 22                                                          64 | 
 | 23                                                          63 | 
 | 24                                                          62 | 
 | 25                                                          61 | 
 | 26                                                          60 | 
 | 27                                                          59 | 
 | 28                                                          58 | 
 | 29                                                          57 | 
 | 30                                                          56 | 
 | 31                                                          55 | 
 | 32                                                          54 | 
 \ 33 34 35 36 37 38 39 40 41 42 43 44 45 46 47 48 49 50 51 52 53 /
   --------------------------------------------------------------  


Pin Signal                         Pin Signal                        
No. Name                           No. Name                          
  1 DCC_kx                           43 TIE                           
  2 PC_opt                           44 TIE                           
  3 PC_kx                            45 E19                           
  4 SB_opt                           46 E18                           
  5 SB_kx                            47 E17                           
  6 A1_opt                           48 E16                           
  7 A1_kx                            49 GND                           
  8 GND                              50 TIE                           
  9 TIE                              51 D15                           
 10 TIE                              52 D13                           
 11 A2_opt                           53 D14                           
 12 TIE                              54 C11                           
 13 A2_kx                            55 C12                           
 14 DSP_opt                          56 C9                            
 15 DSP_kx                           57 C10                           
 16 GND                              58 TIE                           
 17 DIG_OUT                          59 TDO                           
 18 AUX_opt                          60 GND                           
 19 AUX_kx                           61 B8                            
 20 REC1_OUT                         62 B5                            
 21 REC2_OUT                         63 B6                            
 22 VCC                              64 VCC                           
 23 PC_OUT                           65 B7                            
 24 DSP_OUT                          66 A3                            
 25 AUX_OUT                          67 A4                            
 26 ERROR_OUT                        68 A1                            
 27 GND                              69 A2                            
 28 TDI                              70 FC_IN                         
 29 TMS                              71 FC_OUT                        
 30 TCK                              72 DA_OUT                        
 31 INSEL                            73 VCC                           
 32 RECSEL                           74 TIE                           
 33 ERRSEL                           75 CD_opt                        
 34 TIE                              76 TIE                           
 35 TIE                              77 TIE                           
 36 ERRSW                            78 VCC                           
 37 TIE                              79 DAT_opt                       
 38 VCC                              80 CD_kx                         
 39 TIE                              81 DAT_kx                        
 40 TIE                              82 DSR_opt                       
 41 TIE                              83 DSR_kx                        
 42 GND                              84 DCC_opt                       


Legend :  NC  = Not Connected, unbonded pin
         PGND = Unused I/O configured as additional Ground pin
         TIE  = Unused I/O floating -- must tie to VCC, GND or other signal
         VCC  = Dedicated Power Pin
         GND  = Dedicated Ground Pin
         TDI  = Test Data In, JTAG pin
         TDO  = Test Data Out, JTAG pin
         TCK  = Test Clock, JTAG pin
         TMS  = Test Mode Select, JTAG pin
  PROHIBITED  = User reserved pin
****************************  Compiler Options  ****************************

Following is a list of all global compiler options used by the fitter run.

Device(s) Specified                         : xc9572-15-PC84
Optimization Method                         : SPEED
Multi-Level Logic Optimization              : ON
Ignore Timing Specifications                : OFF
Default Register Power Up Value             : LOW
Keep User Location Constraints              : ON
What-You-See-Is-What-You-Get                : OFF
Exhaustive Fitting                          : OFF
Keep Unused Inputs                          : OFF
Slew Rate                                   : FAST
Power Mode                                  : STD
Ground on Unused IOs                        : OFF
Global Clock Optimization                   : ON
Global Set/Reset Optimization               : ON
Global Ouput Enable Optimization            : ON
FASTConnect/UIM optimzation                 : ON
Local Feedback                              : ON
Pin Feedback                                : ON
Input Limit                                 : 36
Pterm Limit                                 : 25
